
> audiomanager@1.0.0 build C:\Users\timot\antigravity\audiomanager
> tsc

src/utils/validation.ts(10,17): error TS2351: This expression is not constructable.
  Type 'typeof import("C:/Users/timot/antigravity/audiomanager/node_modules/.pnpm/ajv@8.17.1/node_modules/ajv/dist/ajv")' has no construct signatures.
src/utils/validation.ts(11,1): error TS2349: This expression is not callable.
  Type 'typeof import("C:/Users/timot/antigravity/audiomanager/node_modules/.pnpm/ajv-formats@3.0.1_ajv@8.17.1/node_modules/ajv-formats/dist/index")' has no call signatures.
src/utils/validation.ts(46,45): error TS7006: Parameter 'e' implicitly has an 'any' type.
ΓÇëELIFECYCLEΓÇë Command failed with exit code 2.
